// Jest Snapshot v1, https://goo.gl/fbAQLP

exports[`LogoImage component should match snapshot 1`] = `
<body>
  <div>
    <img
      alt="Ethereal Nexus Logo"
      class="filter invert hue-rotate-180 dark:filter-none"
      data-nimg="1"
      data-testid="ethereal-logo"
      decoding="async"
      fetchpriority="high"
      height="0"
      sizes="100vw"
      src="/_next/image?url=%2Fethereal-nexus-logo-dark-mode.jpg&w=3840&q=75"
      srcset="/_next/image?url=%2Fethereal-nexus-logo-dark-mode.jpg&w=640&q=75 640w, /_next/image?url=%2Fethereal-nexus-logo-dark-mode.jpg&w=750&q=75 750w, /_next/image?url=%2Fethereal-nexus-logo-dark-mode.jpg&w=828&q=75 828w, /_next/image?url=%2Fethereal-nexus-logo-dark-mode.jpg&w=1080&q=75 1080w, /_next/image?url=%2Fethereal-nexus-logo-dark-mode.jpg&w=1200&q=75 1200w, /_next/image?url=%2Fethereal-nexus-logo-dark-mode.jpg&w=1920&q=75 1920w, /_next/image?url=%2Fethereal-nexus-logo-dark-mode.jpg&w=2048&q=75 2048w, /_next/image?url=%2Fethereal-nexus-logo-dark-mode.jpg&w=3840&q=75 3840w"
      style="color: transparent;"
      width="267"
    />
  </div>
</body>
`;
