// Jest Snapshot v1, https://goo.gl/fbAQLP

exports[`Dashboard layout component should match snapshot 1`] = `
<DocumentFragment>
  <div
    class="flex-col md:flex mt-6"
  >
    <div
      class="absolute top-1/2 left-1/2 transform -translate-x-1/2 -translate-y-1/2"
      data-testid="global-loader"
    >
      <span
        style="display: inherit; width: 100px; height: 100px; position: relative;"
      >
        <span
          style="position: absolute; top: 0px; left: 0px; width: 100px; height: 100px; border: 10px solid #ff5600; opacity: 0.4; border-radius: 100%; animation-fill-mode: forwards; animation: react-spinners-RingLoader-right 2s 0s infinite linear;"
        />
        <span
          style="position: absolute; top: 0px; left: 0px; width: 100px; height: 100px; border: 10px solid #ff5600; opacity: 0.4; border-radius: 100%; animation-fill-mode: forwards; animation: react-spinners-RingLoader-left 2s 0s infinite linear;"
        />
      </span>
    </div>
  </div>
</DocumentFragment>
`;
